Info: Starting: Create block symbol file (.bsf)
Info: qsys-generate C:\Users\Mukund\Documents\FPGA_Projects\niosv_helloworld\niosv.qsys --block-symbol-file --output-directory=C:\Users\Mukund\Documents\FPGA_Projects\niosv_helloworld\niosv --family="MAX 10" --part=10M50DAF484C7G
Progress: Loading niosv_helloworld/niosv.qsys
Progress: Reading input file
Progress: Adding DEBUG [altera_avalon_jtag_uart 25.1]
Progress: Parameterizing module DEBUG
Progress: Adding My_NiosV [intel_niosv_m 26.0.0]
Progress: Parameterizing module My_NiosV
Progress: Adding SRAM [altera_avalon_onchip_memory2 25.1]
Progress: Parameterizing module SRAM
Progress: Adding clk_0 [clock_source 25.1]
Progress: Parameterizing module clk_0
Progress: Building connections
Progress: Parameterizing connections
Progress: Validating
Progress: Done reading input file
Info: niosv.DEBUG: JTAG UART IP input clock need to be at least double (2x) the operating frequency of JTAG TCK on board
Warning: niosv.My_NiosV: Properties (associatedClock) have been set on interface reset - in composed mode these are ignored
Warning: niosv.My_NiosV: Properties (associatedClock) have been set on interface ndm_reset_in - in composed mode these are ignored
Warning: niosv.My_NiosV: Properties (associatedClock,associatedReset) have been set on interface instruction_manager - in composed mode these are ignored
Warning: niosv.My_NiosV: Properties (associatedClock,associatedReset) have been set on interface data_manager - in composed mode these are ignored
Info: qsys-generate succeeded.
Info: Finished: Create block symbol file (.bsf)
Info: 
Info: Starting: Create HDL design files for synthesis
Info: qsys-generate C:\Users\Mukund\Documents\FPGA_Projects\niosv_helloworld\niosv.qsys --synthesis=VERILOG --output-directory=C:\Users\Mukund\Documents\FPGA_Projects\niosv_helloworld\niosv\synthesis --family="MAX 10" --part=10M50DAF484C7G
Progress: Loading niosv_helloworld/niosv.qsys
Progress: Reading input file
Progress: Adding DEBUG [altera_avalon_jtag_uart 25.1]
Progress: Parameterizing module DEBUG
Progress: Adding My_NiosV [intel_niosv_m 26.0.0]
Progress: Parameterizing module My_NiosV
Progress: Adding SRAM [altera_avalon_onchip_memory2 25.1]
Progress: Parameterizing module SRAM
Progress: Adding clk_0 [clock_source 25.1]
Progress: Parameterizing module clk_0
Progress: Building connections
Progress: Parameterizing connections
Progress: Validating
Progress: Done reading input file
Info: niosv.DEBUG: JTAG UART IP input clock need to be at least double (2x) the operating frequency of JTAG TCK on board
Warning: niosv.My_NiosV: Properties (associatedClock) have been set on interface reset - in composed mode these are ignored
Warning: niosv.My_NiosV: Properties (associatedClock) have been set on interface ndm_reset_in - in composed mode these are ignored
Warning: niosv.My_NiosV: Properties (associatedClock,associatedReset) have been set on interface instruction_manager - in composed mode these are ignored
Warning: niosv.My_NiosV: Properties (associatedClock,associatedReset) have been set on interface data_manager - in composed mode these are ignored
Info: niosv: Generating "niosv" for QUARTUS_SYNTH
Info: DEBUG: "niosv" instantiated altera_avalon_jtag_uart "DEBUG"
Info: My_NiosV: "niosv" instantiated intel_niosv_m "My_NiosV"
Info: SRAM: Starting RTL generation for module 'niosv_SRAM'
Info: SRAM:   Generation command is [exec cmd /c {set LC_ALL=C&& C:/altera_lite/25.1std/quartus/bin64/perl/bin/perl.exe -I C:/altera_lite/25.1std/quartus/bin64/perl/lib -I C:/altera_lite/25.1std/quartus/sopc_builder/bin/europa -I C:/altera_lite/25.1std/quartus/sopc_builder/bin -I C:/altera_lite/25.1std/quartus/../ip/altera/sopc_builder_ip/common -I C:/altera_lite/25.1std/quartus/../ip/altera/sopc_builder_ip/altera_avalon_onchip_memory2 -- C:/altera_lite/25.1std/quartus/../ip/altera/sopc_builder_ip/altera_avalon_onchip_memory2/generate_rtl.pl --name=niosv_SRAM --dir=C:/Users/Mukund/AppData/Local/Temp/alt0465_4840289580964200598.dir/0003_SRAM_gen/ --quartus_dir=C:/altera_lite/25.1std/quartus --verilog --config=C:/Users/Mukund/AppData/Local/Temp/alt0465_4840289580964200598.dir/0003_SRAM_gen//niosv_SRAM_component_configuration.pl --do_build_sim=0}]
Info: SRAM: Done RTL generation for module 'niosv_SRAM'
Info: SRAM: "niosv" instantiated altera_avalon_onchip_memory2 "SRAM"
Info: avalon_st_adapter: Inserting error_adapter: error_adapter_0
Info: avalon_st_adapter_001: Inserting error_adapter: error_adapter_0
Info: avalon_st_adapter_002: Inserting error_adapter: error_adapter_0
Info: avalon_st_adapter_003: Inserting error_adapter: error_adapter_0
Info: mm_interconnect_0: "niosv" instantiated altera_mm_interconnect "mm_interconnect_0"
Info: irq_mapper: "niosv" instantiated altera_irq_mapper "irq_mapper"
Info: rst_controller: "niosv" instantiated altera_reset_controller "rst_controller"
Info: niosv_reset_controller: "Generating: niosv_reset_controller"
Info: hart: "My_NiosV" instantiated intel_niosv_m_unit "hart"
Info: timer_module: "My_NiosV" instantiated intel_niosv_timer_msip "timer_module"
Info: dbg_mod: "My_NiosV" instantiated intel_niosv_dbg_mod "dbg_mod"
Info: Reusing file C:/Users/Mukund/Documents/FPGA_Projects/niosv_helloworld/niosv/synthesis/submodules/niosv_ram.sv
Info: irq_mapper: "My_NiosV" instantiated altera_irq_mapper "irq_mapper"
Info: DEBUG_avalon_jtag_slave_translator: "mm_interconnect_0" instantiated altera_merlin_slave_translator "DEBUG_avalon_jtag_slave_translator"
Info: My_NiosV_data_manager_agent: "mm_interconnect_0" instantiated altera_merlin_axi_master_ni "My_NiosV_data_manager_agent"
Info: DEBUG_avalon_jtag_slave_agent: "mm_interconnect_0" instantiated altera_merlin_slave_agent "DEBUG_avalon_jtag_slave_agent"
Info: DEBUG_avalon_jtag_slave_agent_rsp_fifo: "mm_interconnect_0" instantiated altera_avalon_sc_fifo "DEBUG_avalon_jtag_slave_agent_rsp_fifo"
Info: router: "mm_interconnect_0" instantiated altera_merlin_router "router"
Info: router_002: "mm_interconnect_0" instantiated altera_merlin_router "router_002"
Info: router_004: "mm_interconnect_0" instantiated altera_merlin_router "router_004"
Info: router_005: "mm_interconnect_0" instantiated altera_merlin_router "router_005"
Info: My_NiosV_instruction_manager_wr_limiter: "mm_interconnect_0" instantiated altera_merlin_traffic_limiter "My_NiosV_instruction_manager_wr_limiter"
Info: Reusing file C:/Users/Mukund/Documents/FPGA_Projects/niosv_helloworld/niosv/synthesis/submodules/altera_avalon_sc_fifo.v
Info: Reusing file C:/Users/Mukund/Documents/FPGA_Projects/niosv_helloworld/niosv/synthesis/submodules/altera_avalon_st_pipeline_base.v
Info: cmd_demux: "mm_interconnect_0" instantiated altera_merlin_demultiplexer "cmd_demux"
Info: cmd_demux_002: "mm_interconnect_0" instantiated altera_merlin_demultiplexer "cmd_demux_002"
Info: cmd_mux: "mm_interconnect_0" instantiated altera_merlin_multiplexer "cmd_mux"
Info: cmd_mux_001: "mm_interconnect_0" instantiated altera_merlin_multiplexer "cmd_mux_001"
Info: Reusing file C:/Users/Mukund/Documents/FPGA_Projects/niosv_helloworld/niosv/synthesis/submodules/altera_merlin_arbitrator.sv
Info: rsp_demux: "mm_interconnect_0" instantiated altera_merlin_demultiplexer "rsp_demux"
Info: rsp_mux: "mm_interconnect_0" instantiated altera_merlin_multiplexer "rsp_mux"
Info: Reusing file C:/Users/Mukund/Documents/FPGA_Projects/niosv_helloworld/niosv/synthesis/submodules/altera_merlin_arbitrator.sv
Info: rsp_mux_002: "mm_interconnect_0" instantiated altera_merlin_multiplexer "rsp_mux_002"
Info: Reusing file C:/Users/Mukund/Documents/FPGA_Projects/niosv_helloworld/niosv/synthesis/submodules/altera_merlin_arbitrator.sv
Info: avalon_st_adapter: "mm_interconnect_0" instantiated altera_avalon_st_adapter "avalon_st_adapter"
Info: niosv_reset_controller: "hart" instantiated intel_niosv_m_unit "niosv_reset_controller"
Info: error_adapter_0: "avalon_st_adapter" instantiated error_adapter "error_adapter_0"
Info: niosv: Done "niosv" with 30 modules, 88 files
Info: qsys-generate succeeded.
Info: Finished: Create HDL design files for synthesis
